[nitp.ncdc.gov.ng/qrviewer/1598639.html]
[backblue.gif]
[fade.gif]
[index.html]
[nitp.ncdc.gov.ng/sites/default/files/indexcoat_0_0.jpg]
[nitp.ncdc.gov.ng/sites/all/themes/Porto/vendor/bootstrap/css/bootstrap.css]
[nitp.ncdc.gov.ng/modules/system/system.base90e4.css]
[nitp.ncdc.gov.ng/modules/system/system.menus90e4.css]
[nitp.ncdc.gov.ng/modules/system/system.messages90e4.css]
[nitp.ncdc.gov.ng/modules/system/system.theme90e4.css]
[nitp.ncdc.gov.ng/modules/field/theme/field90e4.css]
[nitp.ncdc.gov.ng/sites/all/modules/logintoboggan/logintoboggan90e4.css]
[nitp.ncdc.gov.ng/modules/node/node90e4.css]
[nitp.ncdc.gov.ng/modules/user/user90e4.css]
[nitp.ncdc.gov.ng/sites/all/modules/views/css/views90e4.css]
[nitp.ncdc.gov.ng/sites/all/modules/ckeditor/css/ckeditor90e4.css]
[nitp.ncdc.gov.ng/sites/all/modules/ctools/css/ctools90e4.css]
[nitp.ncdc.gov.ng/sites/all/modules/panels/css/panels90e4.css]
[nitp.ncdc.gov.ng/sites/all/themes/Porto/vendor/owl-carousel/owl.carousel90e4.css]
[nitp.ncdc.gov.ng/sites/all/themes/Porto/vendor/font-awesome/css/font-awesome90e4.css]
[nitp.ncdc.gov.ng/sites/all/themes/Porto/vendor/owl-carousel/owl.theme.default90e4.css]
[nitp.ncdc.gov.ng/sites/all/themes/Porto/vendor/prettyPhoto/css/prettyPhoto90e4.css]
[nitp.ncdc.gov.ng/sites/all/themes/Porto/vendor/circle-flip-slideshow/css/component90e4.css]
[nitp.ncdc.gov.ng/sites/all/themes/Porto/vendor/magnific-popup/magnific-popup90e4.css]
[nitp.ncdc.gov.ng/sites/all/themes/Porto/vendor/mediaelement/mediaelementplayer90e4.css]
[nitp.ncdc.gov.ng/sites/all/themes/Porto/vendor/isotope/jquery.isotope90e4.css]
[nitp.ncdc.gov.ng/sites/all/themes/Porto/css/theme-elements90e4.css]
[nitp.ncdc.gov.ng/sites/all/themes/Porto/css/theme-animate90e4.css]
[nitp.ncdc.gov.ng/sites/all/themes/Porto/css/theme-blog90e4.css]
[nitp.ncdc.gov.ng/sites/all/themes/Porto/css/theme90e4.css]
[nitp.ncdc.gov.ng/sites/all/themes/Porto/css/theme-responsive90e4.css]
[nitp.ncdc.gov.ng/sites/all/themes/Porto/css/drupal-styles90e4.css]
[nitp.ncdc.gov.ng/sites/all/themes/Porto_sub/css/custom90e4.css]
[nitp.ncdc.gov.ng/sites/default/files/less/cC00_Xp8v-0KJrIf2uhusdj_Dgm2gt5bRaA2JrGsTN8/sites/all/themes/Porto/css/less/skin.RhlunGqbZUGq6wVfBEflCycFIIFdR2jRnGPZcmBffu890e4.css]
[nitp.ncdc.gov.ng/sites/all/modules/jquery_update/replace/jquery/2.2/jquery.min9c45.js]
[nitp.ncdc.gov.ng/misc/jquery-extend-3.4.09c45.js]
[nitp.ncdc.gov.ng/misc/jquery-html-prefilter-3.5.0-backport9c45.js]
[nitp.ncdc.gov.ng/misc/jquery.once7839.js]
[nitp.ncdc.gov.ng/misc/drupal90e4.js]
[nitp.ncdc.gov.ng/sites/all/modules/highcharttable/js/highcharttable90e4.js]
[nitp.ncdc.gov.ng/sites/all/modules/chartman/js/Chart.bundle.min90e4.js]
[nitp.ncdc.gov.ng/sites/all/modules/chartman/js/chartmanbase90e4.js]
[nitp.ncdc.gov.ng/sites/all/modules/chartman/js/chartman90e4.js]
[nitp.ncdc.gov.ng/sites/all/modules/chartman2/js/chartman290e4.js]
[nitp.ncdc.gov.ng/sites/all/modules/nitp/hidetestfields/hidetestfields90e4.js]
[nitp.ncdc.gov.ng/sites/all/modules/nitp/mydisplay/mydisplay90e4.js]
[nitp.ncdc.gov.ng/sites/all/modules/nitp/nitp90e4.js]
[nitp.ncdc.gov.ng/sites/all/modules/scroll_to_destination_anchors/scroll_to_destination_anchors90e4.js]
[nitp.ncdc.gov.ng/sites/all/themes/Porto/vendor/modernizr90e4.js]
[nitp.ncdc.gov.ng/sites/all/themes/Porto/vendor/bootstrap/js/bootstrap90e4.js]
[nitp.ncdc.gov.ng/sites/all/themes/Porto/vendor/jquery.easing90e4.js]
[nitp.ncdc.gov.ng/sites/all/themes/Porto/vendor/jquery.cookie90e4.js]
[nitp.ncdc.gov.ng/sites/all/themes/Porto/vendor/owl-carousel/owl.carousel90e4.js]
[nitp.ncdc.gov.ng/sites/all/themes/Porto/vendor/circle-flip-slideshow/js/jquery.flipshow90e4.js]
[nitp.ncdc.gov.ng/sites/all/themes/Porto/vendor/isotope/jquery.isotope90e4.js]
[nitp.ncdc.gov.ng/sites/all/themes/Porto/vendor/prettyPhoto/js/jquery.prettyPhoto90e4.js]
[nitp.ncdc.gov.ng/sites/all/themes/Porto/vendor/jflickrfeed/jflickrfeed90e4.js]
[nitp.ncdc.gov.ng/sites/all/themes/Porto/vendor/jquery.mapmarker90e4.js]
[nitp.ncdc.gov.ng/sites/all/themes/Porto/vendor/jquery.stellar90e4.js]
[nitp.ncdc.gov.ng/sites/all/themes/Porto/vendor/jquery.gmap90e4.js]
[nitp.ncdc.gov.ng/sites/all/themes/Porto/vendor/jquery.knob90e4.js]
[nitp.ncdc.gov.ng/sites/all/themes/Porto/vendor/magnific-popup/magnific-popup90e4.js]
[nitp.ncdc.gov.ng/sites/all/themes/Porto/vendor/mediaelement/mediaelement-and-player90e4.js]
[nitp.ncdc.gov.ng/sites/all/themes/Porto/vendor/jquery.appear90e4.js]
[nitp.ncdc.gov.ng/sites/all/themes/Porto/js/mobile-menu90e4.js]
[nitp.ncdc.gov.ng/sites/all/themes/Porto/js/theme.plugins90e4.js]
[nitp.ncdc.gov.ng/sites/all/themes/Porto/js/theme90e4.js]
[nitp.ncdc.gov.ng/qrviewer/1598639.html]
[nitp.ncdc.gov.ng/sites/all/themes/Porto/vendor/bootstrap/css/bootstrap.css]
[nitp.ncdc.gov.ng/sites/all/themes/Porto/js/views/view.home90e4.js]
[nitp.ncdc.gov.ng/misc/throbber-inactive.png]
[nitp.ncdc.gov.ng/misc/throbber-active.gif]
[nitp.ncdc.gov.ng/misc/grippie.png]
[nitp.ncdc.gov.ng/misc/draggable.png]
[nitp.ncdc.gov.ng/misc/tree.png]
[nitp.ncdc.gov.ng/misc/tree-bottom.png]
[nitp.ncdc.gov.ng/modules/system/system.base90e4.css]
[nitp.ncdc.gov.ng/misc/menu-expanded.png]
[nitp.ncdc.gov.ng/misc/menu-collapsed.png]
[nitp.ncdc.gov.ng/misc/menu-leaf.png]
[nitp.ncdc.gov.ng/modules/system/system.menus90e4.css]
[nitp.ncdc.gov.ng/misc/message-24-ok.png]
[nitp.ncdc.gov.ng/misc/message-24-warning.png]
[nitp.ncdc.gov.ng/misc/message-24-error.png]
[nitp.ncdc.gov.ng/modules/system/system.messages90e4.css]
[nitp.ncdc.gov.ng/misc/help.png]
[nitp.ncdc.gov.ng/misc/progress.gif]
[nitp.ncdc.gov.ng/modules/system/system.theme90e4.css]
[nitp.ncdc.gov.ng/modules/field/theme/field90e4.css]
[nitp.ncdc.gov.ng/sites/all/modules/logintoboggan/logintoboggan90e4.css]
[nitp.ncdc.gov.ng/modules/node/node90e4.css]
[nitp.ncdc.gov.ng/modules/user/user90e4.css]
[nitp.ncdc.gov.ng/sites/all/modules/views/css/views90e4.css]
[nitp.ncdc.gov.ng/sites/all/modules/ckeditor/css/ckeditor90e4.css]
[nitp.ncdc.gov.ng/sites/all/modules/ctools/images/status-active.gif]
[nitp.ncdc.gov.ng/sites/all/modules/ctools/css/ctools90e4.css]
[nitp.ncdc.gov.ng/sites/all/modules/panels/css/panels90e4.css]
[nitp.ncdc.gov.ng/sites/all/themes/Porto/vendor/owl-carousel/owl.video.play.png]
[nitp.ncdc.gov.ng/sites/all/themes/Porto/vendor/owl-carousel/owl.carousel90e4.css]
[nitp.ncdc.gov.ng/sites/all/themes/Porto/vendor/font-awesome/css/font-awesome90e4.css]
[nitp.ncdc.gov.ng/sites/all/themes/Porto/vendor/owl-carousel/owl.theme.default90e4.css]
[nitp.ncdc.gov.ng/sites/all/themes/Porto/vendor/prettyPhoto/images/prettyPhoto/default/sprite.png]
[nitp.ncdc.gov.ng/sites/all/themes/Porto/vendor/prettyPhoto/images/prettyPhoto/default/sprite_x.png]
[nitp.ncdc.gov.ng/sites/all/themes/Porto/vendor/prettyPhoto/images/prettyPhoto/default/sprite_y.png]
[nitp.ncdc.gov.ng/sites/all/themes/Porto/vendor/prettyPhoto/images/prettyPhoto/default/sprite_next.png]
[nitp.ncdc.gov.ng/sites/all/themes/Porto/vendor/prettyPhoto/images/prettyPhoto/default/sprite_prev.png]
[nitp.ncdc.gov.ng/sites/all/themes/Porto/vendor/prettyPhoto/images/prettyPhoto/default/default_thumb.png]
[nitp.ncdc.gov.ng/sites/all/themes/Porto/vendor/prettyPhoto/images/prettyPhoto/default/loader.gif]
[nitp.ncdc.gov.ng/sites/all/themes/Porto/vendor/prettyPhoto/images/prettyPhoto/light_rounded/sprite.png]
[nitp.ncdc.gov.ng/sites/all/themes/Porto/vendor/prettyPhoto/images/prettyPhoto/light_rounded/btnNext.png]
[nitp.ncdc.gov.ng/sites/all/themes/Porto/vendor/prettyPhoto/images/prettyPhoto/light_rounded/btnPrevious.png]
[nitp.ncdc.gov.ng/sites/all/themes/Porto/vendor/prettyPhoto/images/prettyPhoto/dark_rounded/sprite.png]
[nitp.ncdc.gov.ng/sites/all/themes/Porto/vendor/prettyPhoto/images/prettyPhoto/dark_rounded/contentPattern.png]
[nitp.ncdc.gov.ng/sites/all/themes/Porto/vendor/prettyPhoto/images/prettyPhoto/dark_rounded/btnNext.png]
[nitp.ncdc.gov.ng/sites/all/themes/Porto/vendor/prettyPhoto/images/prettyPhoto/dark_rounded/btnPrevious.png]
[nitp.ncdc.gov.ng/sites/all/themes/Porto/vendor/prettyPhoto/images/prettyPhoto/dark_rounded/loader.gif]
[nitp.ncdc.gov.ng/sites/all/themes/Porto/vendor/prettyPhoto/images/prettyPhoto/dark_square/loader.gif]
[nitp.ncdc.gov.ng/sites/all/themes/Porto/vendor/prettyPhoto/images/prettyPhoto/dark_square/sprite.png]
[nitp.ncdc.gov.ng/sites/all/themes/Porto/vendor/prettyPhoto/images/prettyPhoto/dark_square/btnNext.png]
[nitp.ncdc.gov.ng/sites/all/themes/Porto/vendor/prettyPhoto/images/prettyPhoto/dark_square/btnPrevious.png]
[nitp.ncdc.gov.ng/sites/all/themes/Porto/vendor/prettyPhoto/images/prettyPhoto/light_square/sprite.png]
[nitp.ncdc.gov.ng/sites/all/themes/Porto/vendor/prettyPhoto/images/prettyPhoto/light_square/btnNext.png]
[nitp.ncdc.gov.ng/sites/all/themes/Porto/vendor/prettyPhoto/images/prettyPhoto/light_square/btnPrevious.png]
[nitp.ncdc.gov.ng/sites/all/themes/Porto/vendor/prettyPhoto/images/prettyPhoto/facebook/sprite.png]
[nitp.ncdc.gov.ng/sites/all/themes/Porto/vendor/prettyPhoto/images/prettyPhoto/facebook/contentPatternTop.png]
[nitp.ncdc.gov.ng/sites/all/themes/Porto/vendor/prettyPhoto/images/prettyPhoto/facebook/contentPatternLeft.png]
[nitp.ncdc.gov.ng/sites/all/themes/Porto/vendor/prettyPhoto/images/prettyPhoto/facebook/contentPatternRight.png]
[nitp.ncdc.gov.ng/sites/all/themes/Porto/vendor/prettyPhoto/images/prettyPhoto/facebook/loader.gif]
[nitp.ncdc.gov.ng/sites/all/themes/Porto/vendor/prettyPhoto/images/prettyPhoto/facebook/btnNext.png]
[nitp.ncdc.gov.ng/sites/all/themes/Porto/vendor/prettyPhoto/images/prettyPhoto/facebook/btnPrevious.png]
[nitp.ncdc.gov.ng/sites/all/themes/Porto/vendor/prettyPhoto/images/prettyPhoto/facebook/contentPatternBottom.png]
[nitp.ncdc.gov.ng/sites/all/themes/Porto/vendor/prettyPhoto/images/prettyPhoto/facebook/default_thumbnail.gif]
[nitp.ncdc.gov.ng/sites/all/themes/Porto/vendor/prettyPhoto/images/prettyPhoto/light_rounded/loader.gif]
[nitp.ncdc.gov.ng/sites/all/themes/Porto/vendor/prettyPhoto/css/prettyPhoto90e4.css]
[nitp.ncdc.gov.ng/sites/all/themes/Porto/vendor/circle-flip-slideshow/css/component90e4.css]
[nitp.ncdc.gov.ng/sites/all/themes/Porto/vendor/magnific-popup/magnific-popup90e4.css]
[nitp.ncdc.gov.ng/sites/all/themes/Porto/vendor/mediaelement/bigplay.svg]
[nitp.ncdc.gov.ng/sites/all/themes/Porto/vendor/mediaelement/bigplay.png]
[nitp.ncdc.gov.ng/sites/all/themes/Porto/vendor/mediaelement/background.png]
[nitp.ncdc.gov.ng/sites/all/themes/Porto/vendor/mediaelement/loading.gif]
[nitp.ncdc.gov.ng/sites/all/themes/Porto/vendor/mediaelement/controls.svg]
[nitp.ncdc.gov.ng/sites/all/themes/Porto/vendor/mediaelement/controls.png]
[nitp.ncdc.gov.ng/sites/all/themes/Porto/vendor/mediaelement/mediaelementplayer90e4.css]
[nitp.ncdc.gov.ng/sites/all/themes/Porto/vendor/isotope/jquery.isotope90e4.css]
[nitp.ncdc.gov.ng/sites/all/themes/Porto/img/list-primary.png]
[nitp.ncdc.gov.ng/sites/all/themes/Porto/img/social-sprites.png]
[nitp.ncdc.gov.ng/sites/all/themes/Porto/img/arrows.png]
[nitp.ncdc.gov.ng/sites/all/themes/Porto/img/history-thumb.png]
[nitp.ncdc.gov.ng/sites/all/themes/Porto/css/theme-elements90e4.css]
[nitp.ncdc.gov.ng/sites/all/themes/Porto/css/theme-animate90e4.css]
[nitp.ncdc.gov.ng/sites/all/themes/Porto/css/theme-blog90e4.css]
[nitp.ncdc.gov.ng/sites/all/themes/Porto/img/custom-header-bg.jpg]
[nitp.ncdc.gov.ng/sites/all/themes/Porto/img/map-bottom.png]
[nitp.ncdc.gov.ng/sites/all/themes/Porto/img/map-top.png]
[nitp.ncdc.gov.ng/sites/all/themes/Porto/img/home-concept.png]
[nitp.ncdc.gov.ng/sites/all/themes/Porto/img/home-concept-item.png]
[nitp.ncdc.gov.ng/sites/all/themes/Porto/img/home-concept-icons.png]
[nitp.ncdc.gov.ng/sites/all/themes/Porto/img/map-bottom-dark.png]
[nitp.ncdc.gov.ng/sites/all/themes/Porto/img/map-top-dark.png]
[nitp.ncdc.gov.ng/sites/all/themes/Porto/img/home-concept-dark.png]
[nitp.ncdc.gov.ng/sites/all/themes/Porto/img/home-concept-item-dark.png]
[nitp.ncdc.gov.ng/sites/all/themes/Porto/img/home-concept-icons-dark.png]
[nitp.ncdc.gov.ng/sites/all/themes/Porto/img/arrows-dark.png]
[nitp.ncdc.gov.ng/sites/all/themes/Porto/img/history-thumb-dark.png]
[nitp.ncdc.gov.ng/sites/all/themes/Porto/css/theme90e4.css]
[nitp.ncdc.gov.ng/sites/all/themes/Porto/css/theme-responsive90e4.css]
[nitp.ncdc.gov.ng/sites/all/themes/Porto/css/drupal-styles90e4.css]
[nitp.ncdc.gov.ng/sites/all/themes/Porto_sub/images/black-covid.jpg]
[nitp.ncdc.gov.ng/sites/all/themes/Porto_sub/images/home3.png]
[nitp.ncdc.gov.ng/sites/all/themes/Porto_sub/css/custom90e4.css]
[nitp.ncdc.gov.ng/sites/default/files/less/cC00_Xp8v-0KJrIf2uhusdj_Dgm2gt5bRaA2JrGsTN8/sites/all/themes/Porto/css/less/skin.RhlunGqbZUGq6wVfBEflCycFIIFdR2jRnGPZcmBffu890e4.css]
[nitp.ncdc.gov.ng/sites/all/themes/Porto_sub/vendor/jquery.validate90e4.js]
[nitp.ncdc.gov.ng/sites/all/themes/Porto/vendor/owl-carousel/owl.video.play.html]
[nitp.ncdc.gov.ng/sites/all/themes/Porto/vendor/mediaelement/bigplay.svg]
[nitp.ncdc.gov.ng/sites/all/themes/Porto/vendor/mediaelement/controls.svg]
